{
  "test_name": "Comprehensive Preferences Test",
  "description": "Test all preference threshold types with 8 centers - must-haves, excludes, and preferences",
  "output": {
    "mode": "recommend",
    "run_id": null,
    "offers": [
      {
        "application_id": "550e8400-e29b-41d4-a716-446655440020",
        "center_id": "550e8400-e29b-41d4-a716-446655440502",
        "bucket_id": "550e8400-e29b-41d4-a716-446655440802",
        "rank": 1,
        "score": 0.5081781519355959,
        "is_available": true,
        "is_allocated": false,
        "is_tentative": false,
        "explanation": {
          "distance_km": 0.26069159892361193,
          "preference_score": 0.5342473118279571,
          "components": {
            "preference": 0.7064516129032259,
            "property": 0.2,
            "availability": 0.7083333333333334,
            "quality": 0.5
          },
          "constraints_satisfied": [],
          "constraints_violated": [],
          "reason_codes": []
        },
        "expires_at": null,
        "created_at": "2025-08-26 05:24:17.666240"
      }
    ],
    "waitlist_entries": [],
    "success": true,
    "message": null,
    "total_applications": 1,
    "matched_applications": 1,
    "coverage_rate": null,
    "statistics": {},
    "processing_time_ms": null
  }
}