{
  "test_name": "Strict Requirements Test",
  "description": "Test with multiple must-have requirements and strict excludes across 8 centers",
  "output": {
    "mode": "recommend",
    "run_id": null,
    "offers": [
      {
        "application_id": "550e8400-e29b-41d4-a716-446655440022",
        "center_id": "550e8400-e29b-41d4-a716-446655440522",
        "bucket_id": "550e8400-e29b-41d4-a716-446655440822",
        "rank": 1,
        "score": 0.5466140801329176,
        "is_available": true,
        "is_allocated": false,
        "is_tentative": false,
        "explanation": {
          "distance_km": 0.17552586533749265,
          "preference_score": 0.5641666666666668,
          "components": {
            "preference": 0.86875,
            "property": 0.0,
            "availability": 0.8333333333333333,
            "quality": 0.5
          },
          "constraints_satisfied": [],
          "constraints_violated": [],
          "reason_codes": []
        },
        "expires_at": null,
        "created_at": "2025-08-26 05:24:17.669242"
      }
    ],
    "waitlist_entries": [],
    "success": true,
    "message": null,
    "total_applications": 1,
    "matched_applications": 1,
    "coverage_rate": null,
    "statistics": {},
    "processing_time_ms": null
  }
}